update-data	Set up job	ï»¿2026-01-06T18:30:10.3551934Z Current runner version: '2.330.0'
update-data	Set up job	2026-01-06T18:30:10.3575525Z ##[group]Runner Image Provisioner
update-data	Set up job	2026-01-06T18:30:10.3576402Z Hosted Compute Agent
update-data	Set up job	2026-01-06T18:30:10.3576936Z Version: 20251211.462
update-data	Set up job	2026-01-06T18:30:10.3577600Z Commit: 6cbad8c2bb55d58165063d031ccabf57e2d2db61
update-data	Set up job	2026-01-06T18:30:10.3578292Z Build Date: 2025-12-11T16:28:49Z
update-data	Set up job	2026-01-06T18:30:10.3578947Z Worker ID: {677ea7e0-b5f7-43e9-b86c-dc88955310fe}
update-data	Set up job	2026-01-06T18:30:10.3579692Z ##[endgroup]
update-data	Set up job	2026-01-06T18:30:10.3580202Z ##[group]Operating System
update-data	Set up job	2026-01-06T18:30:10.3580772Z Ubuntu
update-data	Set up job	2026-01-06T18:30:10.3581201Z 24.04.3
update-data	Set up job	2026-01-06T18:30:10.3581723Z LTS
update-data	Set up job	2026-01-06T18:30:10.3582194Z ##[endgroup]
update-data	Set up job	2026-01-06T18:30:10.3582710Z ##[group]Runner Image
update-data	Set up job	2026-01-06T18:30:10.3583575Z Image: ubuntu-24.04
update-data	Set up job	2026-01-06T18:30:10.3584111Z Version: 20251215.174.1
update-data	Set up job	2026-01-06T18:30:10.3585085Z Included Software: https://github.com/actions/runner-images/blob/ubuntu24/20251215.174/images/ubuntu/Ubuntu2404-Readme.md
update-data	Set up job	2026-01-06T18:30:10.3586505Z Image Release: https://github.com/actions/runner-images/releases/tag/ubuntu24%2F20251215.174
update-data	Set up job	2026-01-06T18:30:10.3587659Z ##[endgroup]
update-data	Set up job	2026-01-06T18:30:10.3588791Z ##[group]GITHUB_TOKEN Permissions
update-data	Set up job	2026-01-06T18:30:10.3590730Z Contents: read
update-data	Set up job	2026-01-06T18:30:10.3591397Z Metadata: read
update-data	Set up job	2026-01-06T18:30:10.3591886Z Packages: read
update-data	Set up job	2026-01-06T18:30:10.3592392Z ##[endgroup]
update-data	Set up job	2026-01-06T18:30:10.3594694Z Secret source: Actions
update-data	Set up job	2026-01-06T18:30:10.3595448Z Prepare workflow directory
update-data	Set up job	2026-01-06T18:30:10.3920924Z Prepare all required actions
update-data	Set up job	2026-01-06T18:30:10.3959726Z Getting action download info
update-data	Set up job	2026-01-06T18:30:10.7851642Z Download action repository 'actions/checkout@v3' (SHA:f43a0e5ff2bd294095638e18286ca9a3d1956744)
update-data	Set up job	2026-01-06T18:30:10.8900133Z Download action repository 'actions/setup-node@v3' (SHA:3235b876344d2a9aa001b8d1453c930bba69e610)
update-data	Set up job	2026-01-06T18:30:11.1181587Z Complete job name: update-data
update-data	Checkout repository	ï»¿2026-01-06T18:30:11.1864768Z ##[group]Run actions/checkout@v3
update-data	Checkout repository	2026-01-06T18:30:11.1865613Z with:
update-data	Checkout repository	2026-01-06T18:30:11.1866179Z   token: ***
update-data	Checkout repository	2026-01-06T18:30:11.1866621Z   repository: JanneJok/inflaatio
update-data	Checkout repository	2026-01-06T18:30:11.1867096Z   ssh-strict: true
update-data	Checkout repository	2026-01-06T18:30:11.1867539Z   persist-credentials: true
update-data	Checkout repository	2026-01-06T18:30:11.1867990Z   clean: true
update-data	Checkout repository	2026-01-06T18:30:11.1868396Z   sparse-checkout-cone-mode: true
update-data	Checkout repository	2026-01-06T18:30:11.1868871Z   fetch-depth: 1
update-data	Checkout repository	2026-01-06T18:30:11.1869263Z   fetch-tags: false
update-data	Checkout repository	2026-01-06T18:30:11.1869651Z   lfs: false
update-data	Checkout repository	2026-01-06T18:30:11.1870028Z   submodules: false
update-data	Checkout repository	2026-01-06T18:30:11.1870434Z   set-safe-directory: true
update-data	Checkout repository	2026-01-06T18:30:11.1871067Z ##[endgroup]
update-data	Checkout repository	2026-01-06T18:30:11.2710324Z Syncing repository: JanneJok/inflaatio
update-data	Checkout repository	2026-01-06T18:30:11.2712210Z ##[group]Getting Git version info
update-data	Checkout repository	2026-01-06T18:30:11.2713221Z Working directory is '/home/runner/work/inflaatio/inflaatio'
update-data	Checkout repository	2026-01-06T18:30:11.2714334Z [command]/usr/bin/git version
update-data	Checkout repository	2026-01-06T18:30:11.2792208Z git version 2.52.0
update-data	Checkout repository	2026-01-06T18:30:11.2819497Z ##[endgroup]
update-data	Checkout repository	2026-01-06T18:30:11.2835468Z Temporarily overriding HOME='/home/runner/work/_temp/ae2ac5b1-1584-4537-b572-a8971594060f' before making global git config changes
update-data	Checkout repository	2026-01-06T18:30:11.2837869Z Adding repository directory to the temporary git global config as a safe directory
update-data	Checkout repository	2026-01-06T18:30:11.2839846Z [command]/usr/bin/git config --global --add safe.directory /home/runner/work/inflaatio/inflaatio
update-data	Checkout repository	2026-01-06T18:30:11.2877637Z Deleting the contents of '/home/runner/work/inflaatio/inflaatio'
update-data	Checkout repository	2026-01-06T18:30:11.2881419Z ##[group]Initializing the repository
update-data	Checkout repository	2026-01-06T18:30:11.2885341Z [command]/usr/bin/git init /home/runner/work/inflaatio/inflaatio
update-data	Checkout repository	2026-01-06T18:30:11.2995583Z hint: Using 'master' as the name for the initial branch. This default branch name
update-data	Checkout repository	2026-01-06T18:30:11.2996799Z hint: will change to "main" in Git 3.0. To configure the initial branch name
update-data	Checkout repository	2026-01-06T18:30:11.2998239Z hint: to use in all of your new repositories, which will suppress this warning,
update-data	Checkout repository	2026-01-06T18:30:11.2999015Z hint: call:
update-data	Checkout repository	2026-01-06T18:30:11.2999532Z hint:
update-data	Checkout repository	2026-01-06T18:30:11.3000277Z hint: 	git config --global init.defaultBranch <name>
update-data	Checkout repository	2026-01-06T18:30:11.3001193Z hint:
update-data	Checkout repository	2026-01-06T18:30:11.3001921Z hint: Names commonly chosen instead of 'master' are 'main', 'trunk' and
update-data	Checkout repository	2026-01-06T18:30:11.3002899Z hint: 'development'. The just-created branch can be renamed via this command:
update-data	Checkout repository	2026-01-06T18:30:11.3003922Z hint:
update-data	Checkout repository	2026-01-06T18:30:11.3004363Z hint: 	git branch -m <name>
update-data	Checkout repository	2026-01-06T18:30:11.3004851Z hint:
update-data	Checkout repository	2026-01-06T18:30:11.3005797Z hint: Disable this message with "git config set advice.defaultBranchName false"
update-data	Checkout repository	2026-01-06T18:30:11.3006885Z Initialized empty Git repository in /home/runner/work/inflaatio/inflaatio/.git/
update-data	Checkout repository	2026-01-06T18:30:11.3009085Z [command]/usr/bin/git remote add origin https://github.com/JanneJok/inflaatio
update-data	Checkout repository	2026-01-06T18:30:11.3040881Z ##[endgroup]
update-data	Checkout repository	2026-01-06T18:30:11.3041636Z ##[group]Disabling automatic garbage collection
update-data	Checkout repository	2026-01-06T18:30:11.3043732Z [command]/usr/bin/git config --local gc.auto 0
update-data	Checkout repository	2026-01-06T18:30:11.3068400Z ##[endgroup]
update-data	Checkout repository	2026-01-06T18:30:11.3069101Z ##[group]Setting up auth
update-data	Checkout repository	2026-01-06T18:30:11.3073536Z [command]/usr/bin/git config --local --name-only --get-regexp core\.sshCommand
update-data	Checkout repository	2026-01-06T18:30:11.3099247Z [command]/usr/bin/git submodule foreach --recursive sh -c "git config --local --name-only --get-regexp 'core\.sshCommand' && git config --local --unset-all 'core.sshCommand' || :"
update-data	Checkout repository	2026-01-06T18:30:11.3442690Z [command]/usr/bin/git config --local --name-only --get-regexp http\.https\:\/\/github\.com\/\.extraheader
update-data	Checkout repository	2026-01-06T18:30:11.3467853Z [command]/usr/bin/git submodule foreach --recursive sh -c "git config --local --name-only --get-regexp 'http\.https\:\/\/github\.com\/\.extraheader' && git config --local --unset-all 'http.https://github.com/.extraheader' || :"
update-data	Checkout repository	2026-01-06T18:30:11.3679011Z [command]/usr/bin/git config --local http.https://github.com/.extraheader AUTHORIZATION: basic ***
update-data	Checkout repository	2026-01-06T18:30:11.3710015Z ##[endgroup]
update-data	Checkout repository	2026-01-06T18:30:11.3710838Z ##[group]Fetching the repository
update-data	Checkout repository	2026-01-06T18:30:11.3718345Z [command]/usr/bin/git -c protocol.version=2 fetch --no-tags --prune --progress --no-recurse-submodules --depth=1 origin +c6ee6ef1080f432f6a8281def18c22654cad99ba:refs/remotes/origin/main
update-data	Checkout repository	2026-01-06T18:30:11.7413719Z remote: Enumerating objects: 45, done.        
update-data	Checkout repository	2026-01-06T18:30:11.7414770Z remote: Counting objects:   2% (1/45)        
update-data	Checkout repository	2026-01-06T18:30:11.7415522Z remote: Counting objects:   4% (2/45)        
update-data	Checkout repository	2026-01-06T18:30:11.7416253Z remote: Counting objects:   6% (3/45)        
update-data	Checkout repository	2026-01-06T18:30:11.7416989Z remote: Counting objects:   8% (4/45)        
update-data	Checkout repository	2026-01-06T18:30:11.7418055Z remote: Counting objects:  11% (5/45)        
update-data	Checkout repository	2026-01-06T18:30:11.7419102Z remote: Counting objects:  13% (6/45)        
update-data	Checkout repository	2026-01-06T18:30:11.7420460Z remote: Counting objects:  15% (7/45)        
update-data	Checkout repository	2026-01-06T18:30:11.7421513Z remote: Counting objects:  17% (8/45)        
update-data	Checkout repository	2026-01-06T18:30:11.7422193Z remote: Counting objects:  20% (9/45)        
update-data	Checkout repository	2026-01-06T18:30:11.7422791Z remote: Counting objects:  22% (10/45)        
update-data	Checkout repository	2026-01-06T18:30:11.7423648Z remote: Counting objects:  24% (11/45)        
update-data	Checkout repository	2026-01-06T18:30:11.7424256Z remote: Counting objects:  26% (12/45)        
update-data	Checkout repository	2026-01-06T18:30:11.7424846Z remote: Counting objects:  28% (13/45)        
update-data	Checkout repository	2026-01-06T18:30:11.7425443Z remote: Counting objects:  31% (14/45)        
update-data	Checkout repository	2026-01-06T18:30:11.7426026Z remote: Counting objects:  33% (15/45)        
update-data	Checkout repository	2026-01-06T18:30:11.7426627Z remote: Counting objects:  35% (16/45)        
update-data	Checkout repository	2026-01-06T18:30:11.7427213Z remote: Counting objects:  37% (17/45)        
update-data	Checkout repository	2026-01-06T18:30:11.7427803Z remote: Counting objects:  40% (18/45)        
update-data	Checkout repository	2026-01-06T18:30:11.7428700Z remote: Counting objects:  42% (19/45)        
update-data	Checkout repository	2026-01-06T18:30:11.7429773Z remote: Counting objects:  44% (20/45)        
update-data	Checkout repository	2026-01-06T18:30:11.7430714Z remote: Counting objects:  46% (21/45)        
update-data	Checkout repository	2026-01-06T18:30:11.7431388Z remote: Counting objects:  48% (22/45)        
update-data	Checkout repository	2026-01-06T18:30:11.7431987Z remote: Counting objects:  51% (23/45)        
update-data	Checkout repository	2026-01-06T18:30:11.7432583Z remote: Counting objects:  53% (24/45)        
update-data	Checkout repository	2026-01-06T18:30:11.7433293Z remote: Counting objects:  55% (25/45)        
update-data	Checkout repository	2026-01-06T18:30:11.7434107Z remote: Counting objects:  57% (26/45)        
update-data	Checkout repository	2026-01-06T18:30:11.7434684Z remote: Counting objects:  60% (27/45)        
update-data	Checkout repository	2026-01-06T18:30:11.7435283Z remote: Counting objects:  62% (28/45)        
update-data	Checkout repository	2026-01-06T18:30:11.7435845Z remote: Counting objects:  64% (29/45)        
update-data	Checkout repository	2026-01-06T18:30:11.7436403Z remote: Counting objects:  66% (30/45)        
update-data	Checkout repository	2026-01-06T18:30:11.7436965Z remote: Counting objects:  68% (31/45)        
update-data	Checkout repository	2026-01-06T18:30:11.7437518Z remote: Counting objects:  71% (32/45)        
update-data	Checkout repository	2026-01-06T18:30:11.7438085Z remote: Counting objects:  73% (33/45)        
update-data	Checkout repository	2026-01-06T18:30:11.7438640Z remote: Counting objects:  75% (34/45)        
update-data	Checkout repository	2026-01-06T18:30:11.7439731Z remote: Counting objects:  77% (35/45)        
update-data	Checkout repository	2026-01-06T18:30:11.7440514Z remote: Counting objects:  80% (36/45)        
update-data	Checkout repository	2026-01-06T18:30:11.7441080Z remote: Counting objects:  82% (37/45)        
update-data	Checkout repository	2026-01-06T18:30:11.7441662Z remote: Counting objects:  84% (38/45)        
update-data	Checkout repository	2026-01-06T18:30:11.7442256Z remote: Counting objects:  86% (39/45)        
update-data	Checkout repository	2026-01-06T18:30:11.7442806Z remote: Counting objects:  88% (40/45)        
update-data	Checkout repository	2026-01-06T18:30:11.7443490Z remote: Counting objects:  91% (41/45)        
update-data	Checkout repository	2026-01-06T18:30:11.7444049Z remote: Counting objects:  93% (42/45)        
update-data	Checkout repository	2026-01-06T18:30:11.7444592Z remote: Counting objects:  95% (43/45)        
update-data	Checkout repository	2026-01-06T18:30:11.7445167Z remote: Counting objects:  97% (44/45)        
update-data	Checkout repository	2026-01-06T18:30:11.7445716Z remote: Counting objects: 100% (45/45)        
update-data	Checkout repository	2026-01-06T18:30:11.7446300Z remote: Counting objects: 100% (45/45), done.        
update-data	Checkout repository	2026-01-06T18:30:11.7446907Z remote: Compressing objects:   2% (1/40)        
update-data	Checkout repository	2026-01-06T18:30:11.7447480Z remote: Compressing objects:   5% (2/40)        
update-data	Checkout repository	2026-01-06T18:30:11.7448060Z remote: Compressing objects:   7% (3/40)        
update-data	Checkout repository	2026-01-06T18:30:11.7448631Z remote: Compressing objects:  10% (4/40)        
update-data	Checkout repository	2026-01-06T18:30:11.7449448Z remote: Compressing objects:  12% (5/40)        
update-data	Checkout repository	2026-01-06T18:30:11.7450018Z remote: Compressing objects:  15% (6/40)        
update-data	Checkout repository	2026-01-06T18:30:11.7450608Z remote: Compressing objects:  17% (7/40)        
update-data	Checkout repository	2026-01-06T18:30:11.7451215Z remote: Compressing objects:  20% (8/40)        
update-data	Checkout repository	2026-01-06T18:30:11.7451778Z remote: Compressing objects:  22% (9/40)        
update-data	Checkout repository	2026-01-06T18:30:11.7452351Z remote: Compressing objects:  25% (10/40)        
update-data	Checkout repository	2026-01-06T18:30:11.7453078Z remote: Compressing objects:  27% (11/40)        
update-data	Checkout repository	2026-01-06T18:30:11.7453706Z remote: Compressing objects:  30% (12/40)        
update-data	Checkout repository	2026-01-06T18:30:11.7457774Z remote: Compressing objects:  32% (13/40)        
update-data	Checkout repository	2026-01-06T18:30:11.7458439Z remote: Compressing objects:  35% (14/40)        
update-data	Checkout repository	2026-01-06T18:30:11.7459046Z remote: Compressing objects:  37% (15/40)        
update-data	Checkout repository	2026-01-06T18:30:11.7459689Z remote: Compressing objects:  40% (16/40)        
update-data	Checkout repository	2026-01-06T18:30:11.7788213Z remote: Compressing objects:  42% (17/40)        
update-data	Checkout repository	2026-01-06T18:30:11.7789334Z remote: Compressing objects:  45% (18/40)        
update-data	Checkout repository	2026-01-06T18:30:11.7790179Z remote: Compressing objects:  47% (19/40)        
update-data	Checkout repository	2026-01-06T18:30:11.7791034Z remote: Compressing objects:  50% (20/40)        
update-data	Checkout repository	2026-01-06T18:30:11.7791808Z remote: Compressing objects:  52% (21/40)        
update-data	Checkout repository	2026-01-06T18:30:11.7792520Z remote: Compressing objects:  55% (22/40)        
update-data	Checkout repository	2026-01-06T18:30:11.7793373Z remote: Compressing objects:  57% (23/40)        
update-data	Checkout repository	2026-01-06T18:30:11.7794500Z remote: Compressing objects:  60% (24/40)        
update-data	Checkout repository	2026-01-06T18:30:11.7795253Z remote: Compressing objects:  62% (25/40)        
update-data	Checkout repository	2026-01-06T18:30:11.7795878Z remote: Compressing objects:  65% (26/40)        
update-data	Checkout repository	2026-01-06T18:30:11.7796496Z remote: Compressing objects:  67% (27/40)        
update-data	Checkout repository	2026-01-06T18:30:11.7797111Z remote: Compressing objects:  70% (28/40)        
update-data	Checkout repository	2026-01-06T18:30:11.7797745Z remote: Compressing objects:  72% (29/40)        
update-data	Checkout repository	2026-01-06T18:30:11.7798346Z remote: Compressing objects:  75% (30/40)        
update-data	Checkout repository	2026-01-06T18:30:11.7798970Z remote: Compressing objects:  77% (31/40)        
update-data	Checkout repository	2026-01-06T18:30:11.7799579Z remote: Compressing objects:  80% (32/40)        
update-data	Checkout repository	2026-01-06T18:30:11.7800387Z remote: Compressing objects:  82% (33/40)        
update-data	Checkout repository	2026-01-06T18:30:11.7801008Z remote: Compressing objects:  85% (34/40)        
update-data	Checkout repository	2026-01-06T18:30:11.7801616Z remote: Compressing objects:  87% (35/40)        
update-data	Checkout repository	2026-01-06T18:30:11.7802233Z remote: Compressing objects:  90% (36/40)        
update-data	Checkout repository	2026-01-06T18:30:11.7802844Z remote: Compressing objects:  92% (37/40)        
update-data	Checkout repository	2026-01-06T18:30:11.7803907Z remote: Compressing objects:  95% (38/40)        
update-data	Checkout repository	2026-01-06T18:30:11.7804569Z remote: Compressing objects:  97% (39/40)        
update-data	Checkout repository	2026-01-06T18:30:11.7805156Z remote: Compressing objects: 100% (40/40)        
update-data	Checkout repository	2026-01-06T18:30:11.7805776Z remote: Compressing objects: 100% (40/40), done.        
update-data	Checkout repository	2026-01-06T18:30:11.9578859Z remote: Total 45 (delta 3), reused 28 (delta 2), pack-reused 0 (from 0)        
update-data	Checkout repository	2026-01-06T18:30:11.9698393Z From https://github.com/JanneJok/inflaatio
update-data	Checkout repository	2026-01-06T18:30:11.9700156Z  * [new ref]         c6ee6ef1080f432f6a8281def18c22654cad99ba -> origin/main
update-data	Checkout repository	2026-01-06T18:30:11.9702467Z ##[endgroup]
update-data	Checkout repository	2026-01-06T18:30:11.9703558Z ##[group]Determining the checkout info
update-data	Checkout repository	2026-01-06T18:30:11.9704592Z ##[endgroup]
update-data	Checkout repository	2026-01-06T18:30:11.9705883Z ##[group]Checking out the ref
update-data	Checkout repository	2026-01-06T18:30:11.9707350Z [command]/usr/bin/git checkout --progress --force -B main refs/remotes/origin/main
update-data	Checkout repository	2026-01-06T18:30:11.9774719Z Switched to a new branch 'main'
update-data	Checkout repository	2026-01-06T18:30:11.9776717Z branch 'main' set up to track 'origin/main'.
update-data	Checkout repository	2026-01-06T18:30:11.9784180Z ##[endgroup]
update-data	Checkout repository	2026-01-06T18:30:11.9817942Z [command]/usr/bin/git log -1 --format='%H'
update-data	Checkout repository	2026-01-06T18:30:11.9839675Z 'c6ee6ef1080f432f6a8281def18c22654cad99ba'
update-data	Setup Node.js	ï»¿2026-01-06T18:30:12.0127110Z ##[group]Run actions/setup-node@v3
update-data	Setup Node.js	2026-01-06T18:30:12.0128121Z with:
update-data	Setup Node.js	2026-01-06T18:30:12.0128790Z   node-version: 18
update-data	Setup Node.js	2026-01-06T18:30:12.0129567Z   always-auth: false
update-data	Setup Node.js	2026-01-06T18:30:12.0130346Z   check-latest: false
update-data	Setup Node.js	2026-01-06T18:30:12.0131460Z   token: ***
update-data	Setup Node.js	2026-01-06T18:30:12.0132153Z ##[endgroup]
update-data	Setup Node.js	2026-01-06T18:30:12.2050228Z Attempting to download 18...
update-data	Setup Node.js	2026-01-06T18:30:12.9516382Z Acquiring 18.20.8 - x64 from https://github.com/actions/node-versions/releases/download/18.20.8-14110393767/node-18.20.8-linux-x64.tar.gz
update-data	Setup Node.js	2026-01-06T18:30:13.5385279Z Extracting ...
update-data	Setup Node.js	2026-01-06T18:30:13.5498617Z [command]/usr/bin/tar xz --strip 1 --warning=no-unknown-keyword -C /home/runner/work/_temp/2b7f2490-434e-4f22-b89a-29adc8da0dc9 -f /home/runner/work/_temp/aa55a3b6-98e9-4034-9995-a5f0746bfd24
update-data	Setup Node.js	2026-01-06T18:30:14.4895091Z Adding to the cache ...
update-data	Setup Node.js	2026-01-06T18:30:16.0680799Z ##[group]Environment details
update-data	Setup Node.js	2026-01-06T18:30:16.2907236Z node: v18.20.8
update-data	Setup Node.js	2026-01-06T18:30:16.2907882Z npm: 10.8.2
update-data	Setup Node.js	2026-01-06T18:30:16.2908202Z yarn: 1.22.22
update-data	Setup Node.js	2026-01-06T18:30:16.2909078Z ##[endgroup]
update-data	Run update script	ï»¿2026-01-06T18:30:16.3060582Z ##[group]Run node update-all-data.js
update-data	Run update script	2026-01-06T18:30:16.3061000Z [36;1mnode update-all-data.js[0m
update-data	Run update script	2026-01-06T18:30:16.3099560Z shell: /usr/bin/bash -e {0}
update-data	Run update script	2026-01-06T18:30:16.3099850Z ##[endgroup]
update-data	Run update script	2026-01-06T18:30:16.3501428Z === Starting data update ===
update-data	Run update script	2026-01-06T18:30:16.3501739Z 
update-data	Run update script	2026-01-06T18:30:16.3502028Z Fetching: Raakadata!A:C...
update-data	Run update script	2026-01-06T18:30:16.3763673Z Fetching: Key Metrics!A:B...
update-data	Run update script	2026-01-06T18:30:16.8117974Z âœ“ Fetched 6 rows from Key Metrics!A:B
update-data	Run update script	2026-01-06T18:30:16.8175785Z âœ“ Fetched 348 rows from Raakadata!A:C
update-data	Run update script	2026-01-06T18:30:16.8184352Z Processed 347 inflation data points (with HICP)
update-data	Run update script	2026-01-06T18:30:16.8191836Z Calculated averages for 26 years
update-data	Run update script	2026-01-06T18:30:16.8194139Z Processed 5 key metrics
update-data	Run update script	2026-01-06T18:30:16.8194378Z 
update-data	Run update script	2026-01-06T18:30:16.8194514Z === Generating HTML ===
update-data	Run update script	2026-01-06T18:30:16.8194673Z 
update-data	Run update script	2026-01-06T18:30:16.8200179Z Warning: NaN value for "Vuoden alun keskiarvo", using fallback "Ei dataa"
update-data	Run update script	2026-01-06T18:30:16.8212723Z Updating yearly table...
update-data	Run update script	2026-01-06T18:30:16.8213547Z Updating data cards...
update-data	Run update script	2026-01-06T18:30:16.8214092Z Updating inline data script...
update-data	Run update script	2026-01-06T18:30:16.8214802Z âœ“ Updated existing inline data script
update-data	Run update script	2026-01-06T18:30:16.8220955Z 
update-data	Run update script	2026-01-06T18:30:16.8221288Z === Update complete ===
update-data	Run update script	2026-01-06T18:30:16.8222554Z âœ“ Yearly table: 26 years
update-data	Run update script	2026-01-06T18:30:16.8223259Z âœ“ Data cards: 5 metrics
update-data	Run update script	2026-01-06T18:30:16.8223780Z âœ“ Graph data: 347 data points
update-data	Run update script	2026-01-06T18:30:16.8224080Z 
update-data	Run update script	2026-01-06T18:30:16.8224412Z You can now test locally and commit the changes.
update-data	Check for changes	ï»¿2026-01-06T18:30:16.8357431Z ##[group]Run git diff --exit-code index.html || echo "changed=true" >> $GITHUB_OUTPUT
update-data	Check for changes	2026-01-06T18:30:16.8358331Z [36;1mgit diff --exit-code index.html || echo "changed=true" >> $GITHUB_OUTPUT[0m
update-data	Check for changes	2026-01-06T18:30:16.8391109Z shell: /usr/bin/bash -e {0}
update-data	Check for changes	2026-01-06T18:30:16.8391362Z ##[endgroup]
update-data	Check for changes	2026-01-06T18:30:16.8466952Z diff --git a/index.html b/index.html
update-data	Check for changes	2026-01-06T18:30:16.8467535Z index 008395f..6dbc2f1 100644
update-data	Check for changes	2026-01-06T18:30:16.8467924Z --- a/index.html
update-data	Check for changes	2026-01-06T18:30:16.8468247Z +++ b/index.html
update-data	Check for changes	2026-01-06T18:30:16.8468870Z @@ -768,7 +768,7 @@ if (window.location.pathname === '/index.html') {
update-data	Check for changes	2026-01-06T18:30:16.8469258Z  
update-data	Check for changes	2026-01-06T18:30:16.8469421Z      <script>
update-data	Check for changes	2026-01-06T18:30:16.8469714Z      // === STATIC DATA (Auto-generated by update-all-data.js) ===
update-data	Check for changes	2026-01-06T18:30:16.8470158Z -    // Last updated: 2026-01-06T18:29:42.180Z
update-data	Check for changes	2026-01-06T18:30:16.8470525Z +    // Last updated: 2026-01-06T18:30:16.820Z
update-data	Check for changes	2026-01-06T18:30:16.8470923Z      // This data is embedded directly in the page to avoid API calls
update-data	Check for changes	2026-01-06T18:30:16.8471392Z      // Format: [date, inflation%, HICP index]
update-data	Check for changes	2026-01-06T18:30:16.8472009Z  
update-data	Commit and push if changed	ï»¿2026-01-06T18:30:16.8512711Z ##[group]Run git config --local user.email "github-actions[bot]@users.noreply.github.com"
update-data	Commit and push if changed	2026-01-06T18:30:16.8513565Z [36;1mgit config --local user.email "github-actions[bot]@users.noreply.github.com"[0m
update-data	Commit and push if changed	2026-01-06T18:30:16.8514045Z [36;1mgit config --local user.name "github-actions[bot]"[0m
update-data	Commit and push if changed	2026-01-06T18:30:16.8514352Z [36;1mgit add index.html[0m
update-data	Commit and push if changed	2026-01-06T18:30:16.8514699Z [36;1mgit commit -m "ðŸ”„ Auto-update inflation data - $(date +'%Y-%m-%d %H:%M')"[0m
update-data	Commit and push if changed	2026-01-06T18:30:16.8515090Z [36;1mgit push[0m
update-data	Commit and push if changed	2026-01-06T18:30:16.8544153Z shell: /usr/bin/bash -e {0}
update-data	Commit and push if changed	2026-01-06T18:30:16.8544398Z ##[endgroup]
update-data	Commit and push if changed	2026-01-06T18:30:16.8728740Z [main f7f22af] ðŸ”„ Auto-update inflation data - 2026-01-06 18:30
update-data	Commit and push if changed	2026-01-06T18:30:16.8729500Z  1 file changed, 1 insertion(+), 1 deletion(-)
update-data	Commit and push if changed	2026-01-06T18:30:17.0944234Z remote: Permission to JanneJok/inflaatio.git denied to github-actions[bot].
update-data	Commit and push if changed	2026-01-06T18:30:17.0945225Z fatal: unable to access 'https://github.com/JanneJok/inflaatio/': The requested URL returned error: 403
update-data	Commit and push if changed	2026-01-06T18:30:17.0973555Z ##[error]Process completed with exit code 128.
update-data	Post Checkout repository	ï»¿2026-01-06T18:30:17.1075468Z Post job cleanup.
update-data	Post Checkout repository	2026-01-06T18:30:17.1780689Z [command]/usr/bin/git version
update-data	Post Checkout repository	2026-01-06T18:30:17.1814056Z git version 2.52.0
update-data	Post Checkout repository	2026-01-06T18:30:17.1857359Z Temporarily overriding HOME='/home/runner/work/_temp/8b39f1aa-8f68-4e3b-8e8d-f69e30d27b1d' before making global git config changes
update-data	Post Checkout repository	2026-01-06T18:30:17.1859066Z Adding repository directory to the temporary git global config as a safe directory
update-data	Post Checkout repository	2026-01-06T18:30:17.1861975Z [command]/usr/bin/git config --global --add safe.directory /home/runner/work/inflaatio/inflaatio
update-data	Post Checkout repository	2026-01-06T18:30:17.1892036Z [command]/usr/bin/git config --local --name-only --get-regexp core\.sshCommand
update-data	Post Checkout repository	2026-01-06T18:30:17.1921197Z [command]/usr/bin/git submodule foreach --recursive sh -c "git config --local --name-only --get-regexp 'core\.sshCommand' && git config --local --unset-all 'core.sshCommand' || :"
update-data	Post Checkout repository	2026-01-06T18:30:17.2139124Z [command]/usr/bin/git config --local --name-only --get-regexp http\.https\:\/\/github\.com\/\.extraheader
update-data	Post Checkout repository	2026-01-06T18:30:17.2160047Z http.https://github.com/.extraheader
update-data	Post Checkout repository	2026-01-06T18:30:17.2172450Z [command]/usr/bin/git config --local --unset-all http.https://github.com/.extraheader
update-data	Post Checkout repository	2026-01-06T18:30:17.2200596Z [command]/usr/bin/git submodule foreach --recursive sh -c "git config --local --name-only --get-regexp 'http\.https\:\/\/github\.com\/\.extraheader' && git config --local --unset-all 'http.https://github.com/.extraheader' || :"
update-data	Complete job	ï»¿2026-01-06T18:30:17.2512232Z Cleaning up orphan processes
